Component: ARM Compiler 5.05 update 1 (build 106) Tool: armlink [4d0efa]

==============================================================================

Section Cross References

    main.o(i.main) refers to _printf_percent.o(.ARM.Collect$$_printf_percent$$00000000) for _printf_percent
    main.o(i.main) refers to _printf_s.o(.ARM.Collect$$_printf_percent$$00000014) for _printf_s
    main.o(i.main) refers to _printf_str.o(.text) for _printf_str
    main.o(i.main) refers to sysctl.o(i.SysCtlClockSet) for SysCtlClockSet
    main.o(i.main) refers to termio.o(i.TERMIO_Init) for TERMIO_Init
    main.o(i.main) refers to noretval__2printf.o(.text) for __2printf
    main.o(i.main) refers to puts.o(.text) for puts
    main.o(i.main) refers to enablepa25_pb23_pd7_pf0.o(i.PortFunctionInit) for PortFunctionInit
    main.o(i.main) refers to es_framework.o(i.ES_Initialize) for ES_Initialize
    main.o(i.main) refers to es_framework.o(i.ES_Run) for ES_Run
    eventcheckers.o(i.Check4Keystroke) refers to termio.o(i.kbhit) for kbhit
    eventcheckers.o(i.Check4Keystroke) refers to getc.o(.text) for getc
    eventcheckers.o(i.Check4Keystroke) refers to gridlinq.o(i.PostGridlinq) for PostGridlinq
    eventcheckers.o(i.Check4Keystroke) refers to clamp.o(i.PostClamp) for PostClamp
    eventcheckers.o(i.Check4Keystroke) refers to wind.o(i.PostWind) for PostWind
    eventcheckers.o(i.Check4Keystroke) refers to noretval__2printf.o(.text) for __2printf
    eventcheckers.o(i.Check4Keystroke) refers to retarget.o(.data) for __stdin
    eventcheckers.o(i.Check4Keystroke) refers to eventcheckers.o(.constdata) for .constdata
    clamp.o(i.ClampInterruptResponse) refers to clamp.o(i.PostClamp) for PostClamp
    clamp.o(i.ClampInterruptResponse) refers to clamp.o(.data) for .data
    clamp.o(i.EncoderInterrputResponse) refers to clamp.o(i.PostClamp) for PostClamp
    clamp.o(i.EncoderInterrputResponse) refers to clamp.o(.constdata) for .constdata
    clamp.o(i.EncoderInterrputResponse) refers to clamp.o(.data) for .data
    clamp.o(i.InitClamp) refers to pwm.o(i.InitPWM) for InitPWM
    clamp.o(i.InitClamp) refers to clamp.o(i.InitInputCaptureWT1) for InitInputCaptureWT1
    clamp.o(i.InitClamp) refers to pwm.o(i.SetPWMDuty) for SetPWMDuty
    clamp.o(i.InitClamp) refers to es_framework.o(i.ES_PostToService) for ES_PostToService
    clamp.o(i.InitClamp) refers to clamp.o(.data) for .data
    clamp.o(i.InitInputCaptureWT1) refers to noretval__2printf.o(.text) for __2printf
    clamp.o(i.PostClamp) refers to es_framework.o(i.ES_PostToService) for ES_PostToService
    clamp.o(i.PostClamp) refers to clamp.o(.data) for .data
    clamp.o(i.RunClamp) refers to _printf_percent.o(.ARM.Collect$$_printf_percent$$00000000) for _printf_percent
    clamp.o(i.RunClamp) refers to _printf_d.o(.ARM.Collect$$_printf_percent$$00000009) for _printf_d
    clamp.o(i.RunClamp) refers to _printf_dec.o(.text) for _printf_int_dec
    clamp.o(i.RunClamp) refers to noretval__2printf.o(.text) for __2printf
    clamp.o(i.RunClamp) refers to es_timers.o(i.ES_Timer_InitTimer) for ES_Timer_InitTimer
    clamp.o(i.RunClamp) refers to pwm.o(i.SetPWMDuty) for SetPWMDuty
    clamp.o(i.RunClamp) refers to es_timers.o(i.ES_Timer_StopTimer) for ES_Timer_StopTimer
    clamp.o(i.RunClamp) refers to clamp.o(i.PostClamp) for PostClamp
    clamp.o(i.RunClamp) refers to clamp.o(.data) for .data
    clamp.o(i.RunClamp) refers to clamp.o(.constdata) for .constdata
    gridlinq.o(i.InitGridlinq) refers to uart.o(i.InitUART) for InitUART
    gridlinq.o(i.InitGridlinq) refers to es_framework.o(i.ES_PostToService) for ES_PostToService
    gridlinq.o(i.InitGridlinq) refers to gridlinq.o(.data) for .data
    gridlinq.o(i.InitGridlinq) refers to gridlinq.o(.constdata) for .constdata
    gridlinq.o(i.PostGridlinq) refers to es_framework.o(i.ES_PostToService) for ES_PostToService
    gridlinq.o(i.PostGridlinq) refers to gridlinq.o(.data) for .data
    gridlinq.o(i.RunGridlinq) refers to _printf_percent.o(.ARM.Collect$$_printf_percent$$00000000) for _printf_percent
    gridlinq.o(i.RunGridlinq) refers to _printf_d.o(.ARM.Collect$$_printf_percent$$00000009) for _printf_d
    gridlinq.o(i.RunGridlinq) refers to _printf_c.o(.ARM.Collect$$_printf_percent$$00000013) for _printf_c
    gridlinq.o(i.RunGridlinq) refers to _printf_dec.o(.text) for _printf_int_dec
    gridlinq.o(i.RunGridlinq) refers to _printf_str.o(.text) for _printf_str
    gridlinq.o(i.RunGridlinq) refers to gridlinq.o(i.importData) for importData
    gridlinq.o(i.RunGridlinq) refers to noretval__2printf.o(.text) for __2printf
    gridlinq.o(i.RunGridlinq) refers to gridlinq.o(i.printGPSData) for printGPSData
    gridlinq.o(i.RunGridlinq) refers to es_postlist.o(i.ES_PostList00) for ES_PostList00
    gridlinq.o(i.RunGridlinq) refers to gridlinq.o(.data) for .data
    gridlinq.o(i.RunGridlinq) refers to gridlinq.o(.constdata) for .constdata
    gridlinq.o(i.importData) refers to compasscom.o(i.getCompassData) for getCompassData
[...]
    i.GetWindData                            0x00000ef4   Section        0  wind.o(i.GetWindData)
    i.I2C0InterruptResponse                  0x00000f04   Section        0  i2c.o(i.I2C0InterruptResponse)
    i.I2C1InterruptResponse                  0x00000f20   Section        0  i2c.o(i.I2C1InterruptResponse)
    i.I2CIntRegister                         0x00000f3c   Section        0  i2c.o(i.I2CIntRegister)
    i.I2CMasterControl                       0x00000f9c   Section        0  i2c.o(i.I2CMasterControl)
    i.I2CMasterDataGet                       0x00000fa0   Section        0  i2c.o(i.I2CMasterDataGet)
    i.I2CMasterDataPut                       0x00000fa4   Section        0  i2c.o(i.I2CMasterDataPut)
    i.I2CMasterErr                           0x00000fa8   Section        0  i2c.o(i.I2CMasterErr)
    i.I2CMasterInitExpClk                    0x00000fc0   Section        0  i2c.o(i.I2CMasterInitExpClk)
    i.I2CMasterIntClear                      0x00001014   Section        0  i2c.o(i.I2CMasterIntClear)
    i.I2CMasterIntEnable                     0x0000101c   Section        0  i2c.o(i.I2CMasterIntEnable)
    i.I2CMasterSlaveAddrSet                  0x00001022   Section        0  i2c.o(i.I2CMasterSlaveAddrSet)
    i.I2CMasterTimeoutSet                    0x0000102a   Section        0  i2c.o(i.I2CMasterTimeoutSet)
    i.I2CRxFIFOFlush                         0x0000102e   Section        0  i2c.o(i.I2CRxFIFOFlush)
    i.I2CStart                               0x00001040   Section        0  i2c.o(i.I2CStart)
    i.I2CTxFIFOFlush                         0x000010b0   Section        0  i2c.o(i.I2CTxFIFOFlush)
    i.InitClamp                              0x000010c0   Section        0  clamp.o(i.InitClamp)
    i.InitCompassCom                         0x00001110   Section        0  compasscom.o(i.InitCompassCom)
    i.InitGPS                                0x00001154   Section        0  gps.o(i.InitGPS)
    i.InitGridlinq                           0x00001194   Section        0  gridlinq.o(i.InitGridlinq)
    i.InitI2C                                0x000011b8   Section        0  i2c.o(i.InitI2C)
    i.InitI2CHardware                        0x00001218   Section        0  i2c.o(i.InitI2CHardware)
    InitI2CHardware                          0x00001219   Thumb Code   230  i2c.o(i.InitI2CHardware)
    i.InitInputCaptureWT1                    0x00001320   Section        0  clamp.o(i.InitInputCaptureWT1)
    InitInputCaptureWT1                      0x00001321   Thumb Code   168  clamp.o(i.InitInputCaptureWT1)
    i.InitLidarCom                           0x00001404   Section        0  lidarcom.o(i.InitLidarCom)
    i.InitPWM                                0x00001444   Section        0  pwm.o(i.InitPWM)
    i.InitUART                               0x0000159c   Section        0  uart.o(i.InitUART)
    i.InitUART1                              0x000015b0   Section        0  uart.o(i.InitUART1)
    InitUART1                                0x000015b1   Thumb Code   158  uart.o(i.InitUART1)
    i.InitUART2                              0x0000167c   Section        0  uart.o(i.InitUART2)
    InitUART2                                0x0000167d   Thumb Code   158  uart.o(i.InitUART2)
    i.InitUART5                              0x00001748   Section        0  uart.o(i.InitUART5)
    InitUART5                                0x00001749   Thumb Code   158  uart.o(i.InitUART5)
    i.InitWind                               0x00001814   Section        0  wind.o(i.InitWind)
    i.InitXbee                               0x00001858   Section        0  xbee.o(i.InitXbee)
    i.InitXbeeComms                          0x000018a4   Section        0  xbeecomms.o(i.InitXbeeComms)
    i.IntEnable                              0x000018f0   Section        0  interrupt.o(i.IntEnable)
    i.IntMasterEnable                        0x00001954   Section        0  interrupt.o(i.IntMasterEnable)
    i.IntRegister                            0x00001964   Section        0  interrupt.o(i.IntRegister)
    i.LoadUpData                             0x00001998   Section        0  xbee.o(i.LoadUpData)
    LoadUpData                               0x00001999   Thumb Code   210  xbee.o(i.LoadUpData)
    i.LoadUpResponse                         0x00001a74   Section        0  xbee.o(i.LoadUpResponse)
    LoadUpResponse                           0x00001a75   Thumb Code    52  xbee.o(i.LoadUpResponse)
    i.ParseGGAData                           0x00001ab0   Section        0  gps.o(i.ParseGGAData)
    ParseGGAData                             0x00001ab1   Thumb Code   502  gps.o(i.ParseGGAData)
    i.ParseTempData                          0x00001cb4   Section        0  wind.o(i.ParseTempData)
    ParseTempData                            0x00001cb5   Thumb Code    98  wind.o(i.ParseTempData)
    i.ParseWindData                          0x00001d20   Section        0  wind.o(i.ParseWindData)
    ParseWindData                            0x00001d21   Thumb Code   164  wind.o(i.ParseWindData)
    i.PortFunctionInit                       0x00001dd8   Section        0  enablepa25_pb23_pd7_pf0.o(i.PortFunctionInit)
    i.PostClamp                              0x00001e78   Section        0  clamp.o(i.PostClamp)
    i.PostCompassCom                         0x00001e88   Section        0  compasscom.o(i.PostCompassCom)
    i.PostGPS                                0x00001e98   Section        0  gps.o(i.PostGPS)
    i.PostGridlinq                           0x00001ea8   Section        0  gridlinq.o(i.PostGridlinq)
    i.PostI2C                                0x00001eb8   Section        0  i2c.o(i.PostI2C)
    i.PostLidarCom                           0x00001ec8   Section        0  lidarcom.o(i.PostLidarCom)
    i.PostWind                               0x00001ed8   Section        0  wind.o(i.PostWind)
    i.PostXbee                               0x00001ee8   Section        0  xbee.o(i.PostXbee)
    i.PostXbeeComms                          0x00001ef8   Section        0  xbeecomms.o(i.PostXbeeComms)
    i.RunClamp                               0x00001f08   Section        0  clamp.o(i.RunClamp)
    i.RunCompassCom                          0x000021cc   Section        0  compasscom.o(i.RunCompassCom)
    i.RunGPS                                 0x0000239c   Section        0  gps.o(i.RunGPS)
    i.RunGridlinq                            0x000025c4   Section        0  gridlinq.o(i.RunGridlinq)
    i.RunI2C                                 0x00002680   Section        0  i2c.o(i.RunI2C)
    i.RunLidarCom                            0x00002730   Section        0  lidarcom.o(i.RunLidarCom)
    i.RunWind                                0x00002814   Section        0  wind.o(i.RunWind)
    i.RunXbee                                0x000029fc   Section        0  xbee.o(i.RunXbee)
    i.RunXbeeComms                           0x00002bc8   Section        0  xbeecomms.o(i.RunXbeeComms)
    i.SendXbeeData                           0x00002cf8   Section        0  xbee.o(i.SendXbeeData)
    SendXbeeData                             0x00002cf9   Thumb Code    16  xbee.o(i.SendXbeeData)
    i.SetPWMDuty                             0x00002d14   Section        0  pwm.o(i.SetPWMDuty)
    i.SetPWMWidth                            0x00002dd4   Section        0  pwm.o(i.SetPWMWidth)
    i.SysCtlClockGet                         0x00002ea4   Section        0  sysctl.o(i.SysCtlClockGet)
    i.SysCtlClockSet                         0x00003008   Section        0  sysctl.o(i.SysCtlClockSet)
    i.SysCtlPeripheralEnable                 0x00003128   Section        0  sysctl.o(i.SysCtlPeripheralEnable)
    i.SysCtlPeripheralReset                  0x00003150   Section        0  sysctl.o(i.SysCtlPeripheralReset)
    i.SysTickEnable                          0x0000318c   Section        0  systick.o(i.SysTickEnable)
    i.SysTickIntEnable                       0x0000319a   Section        0  systick.o(i.SysTickIntEnable)
    i.SysTickIntHandler                      0x000031a8   Section        0  es_port.o(i.SysTickIntHandler)
    i.SysTickPeriodSet                       0x000031bc   Section        0  systick.o(i.SysTickPeriodSet)
    i.TERMIO_GetChar                         0x000031c6   Section        0  termio.o(i.TERMIO_GetChar)
    i.TERMIO_Init                            0x000031cc   Section        0  termio.o(i.TERMIO_Init)
    i.TERMIO_PutChar                         0x0000321c   Section        0  termio.o(i.TERMIO_PutChar)
    i.UART1ISR                               0x00003228   Section        0  xbee.o(i.UART1ISR)
    i.UART2ISR                               0x00003288   Section        0  wind.o(i.UART2ISR)
    i.UART5ISR                               0x000032b0   Section        0  gps.o(i.UART5ISR)
    i.UARTCharPut                            0x000032d8   Section        0  uart.o(i.UARTCharPut)
    i.UARTClockSourceSet                     0x000032e4   Section        0  uart.o(i.UARTClockSourceSet)
    i.UARTStdioConfig                        0x000032ec   Section        0  uartstdio.o(i.UARTStdioConfig)
    i.UARTgetc                               0x00003348   Section        0  uartstdio.o(i.UARTgetc)
    i._HW_Process_Pending_Ints               0x00003360   Section        0  es_port.o(i._HW_Process_Pending_Ints)
    i._HW_Timer_Init                         0x00003380   Section        0  es_port.o(i._HW_Timer_Init)
    i._sys_exit                              0x00003396   Section        0  retarget.o(i._sys_exit)
    i.beginRx                                0x00003398   Section        0  i2c.o(i.beginRx)
    beginRx                                  0x00003399   Thumb Code    40  i2c.o(i.beginRx)
    i.checkSum                               0x000033c0   Section        0  xbee.o(i.checkSum)
    i.convertToDegrees                       0x000033dc   Section        0  compasscom.o(i.convertToDegrees)
    convertToDegrees                         0x000033dd   Thumb Code    42  compasscom.o(i.convertToDegrees)
    i.decodeReading                          0x00003410   Section        0  compasscom.o(i.decodeReading)
    decodeReading                            0x00003411   Thumb Code    66  compasscom.o(i.decodeReading)
    i.ferror                                 0x00003458   Section        0  retarget.o(i.ferror)
    i.fgetc                                  0x0000345e   Section        0  retarget.o(i.fgetc)
    i.fputc                                  0x00003462   Section        0  retarget.o(i.fputc)
    i.getCompassData                         0x00003470   Section        0  compasscom.o(i.getCompassData)
    i.getLidarData                           0x000034b4   Section        0  lidarcom.o(i.getLidarData)
    i.getRegisterValue                       0x000034e4   Section        0  compasscom.o(i.getRegisterValue)
    getRegisterValue                         0x000034e5   Thumb Code    34  compasscom.o(i.getRegisterValue)
    i.getRegisterValue                       0x00003510   Section        0  lidarcom.o(i.getRegisterValue)
    getRegisterValue                         0x00003511   Thumb Code    34  lidarcom.o(i.getRegisterValue)
    i.hextodec                               0x0000353c   Section        0  wind.o(i.hextodec)
    hextodec                                 0x0000353d   Thumb Code    34  wind.o(i.hextodec)
    i.hextodec                               0x0000355e   Section        0  gps.o(i.hextodec)
    hextodec                                 0x0000355f   Thumb Code    34  gps.o(i.hextodec)
    i.importData                             0x00003580   Section        0  gridlinq.o(i.importData)
    importData                               0x00003581   Thumb Code    90  gridlinq.o(i.importData)
    i.importData                             0x000035e4   Section        0  xbee.o(i.importData)
    importData                               0x000035e5   Thumb Code    90  xbee.o(i.importData)
    i.importXbeePacket                       0x00003648   Section        0  xbee.o(i.importXbeePacket)
    importXbeePacket                         0x00003649   Thumb Code    28  xbee.o(i.importXbeePacket)
    i.interruptHelper                        0x0000366c   Section        0  i2c.o(i.interruptHelper)
    interruptHelper                          0x0000366d   Thumb Code   184  i2c.o(i.interruptHelper)
    i.isValidPacket                          0x00003728   Section        0  xbee.o(i.isValidPacket)
    i.kbhit                                  0x000037f4   Section        0  termio.o(i.kbhit)
    i.main                                   0x00003808   Section        0  main.o(i.main)
    i.printGPSData                           0x00003934   Section        0  gridlinq.o(i.printGPSData)
    printGPSData                             0x00003935   Thumb Code    54  gridlinq.o(i.printGPSData)
    i.printModule                            0x000039c4   Section        0  i2c.o(i.printModule)
    printModule                              0x000039c5   Thumb Code   128  i2c.o(i.printModule)
    i.setI2CPostFunction                     0x00003ac0   Section        0  i2c.o(i.setI2CPostFunction)
    i.takeInitStep                           0x00003ad8   Section        0  compasscom.o(i.takeInitStep)
    takeInitStep                             0x00003ad9   Thumb Code    40  compasscom.o(i.takeInitStep)
    i.writeRegisterValue                     0x00003b04   Section        0  compasscom.o(i.writeRegisterValue)
    writeRegisterValue                       0x00003b05   Thumb Code    30  compasscom.o(i.writeRegisterValue)
    i.writeRegisterValue                     0x00003b2c   Section        0  lidarcom.o(i.writeRegisterValue)
    writeRegisterValue                       0x00003b2d   Thumb Code    30  lidarcom.o(i.writeRegisterValue)
    x$fpl$d2f                                0x00003b54   Section       98  d2f.o(x$fpl$d2f)
    $v0                                      0x00003b54   Number         0  d2f.o(x$fpl$d2f)
    x$fpl$dmul                               0x00003bb8   Section      340  dmul.o(x$fpl$dmul)
    $v0                                      0x00003bb8   Number         0  dmul.o(x$fpl$dmul)
    x$fpl$dnaninf                            0x00003d0c   Section      156  dnaninf.o(x$fpl$dnaninf)
    $v0                                      0x00003d0c   Number         0  dnaninf.o(x$fpl$dnaninf)
    x$fpl$dretinf                            0x00003da8   Section       12  dretinf.o(x$fpl$dretinf)
    $v0                                      0x00003da8   Number         0  dretinf.o(x$fpl$dretinf)
    x$fpl$f2d                                0x00003db4   Section       86  f2d.o(x$fpl$f2d)
    $v0                                      0x00003db4   Number         0  f2d.o(x$fpl$f2d)
    x$fpl$fnaninf                            0x00003e0a   Section      140  fnaninf.o(x$fpl$fnaninf)
    $v0                                      0x00003e0a   Number         0  fnaninf.o(x$fpl$fnaninf)
    x$fpl$fpinit                             0x00003e96   Section       10  fpinit.o(x$fpl$fpinit)
    $v0                                      0x00003e96   Number         0  fpinit.o(x$fpl$fpinit)
    x$fpl$fretinf                            0x00003ea0   Section       10  fretinf.o(x$fpl$fretinf)
    $v0                                      0x00003ea0   Number         0  fretinf.o(x$fpl$fretinf)
    x$fpl$usenofp                            0x00003eaa   Section        0  usenofp.o(x$fpl$usenofp)
    .constdata                               0x00003eac   Section       32  eventcheckers.o(.constdata)
    .constdata                               0x00003ecc   Section        8  clamp.o(.constdata)
    .constdata                               0x00003ed4   Section       16  gridlinq.o(.constdata)
    .constdata                               0x00003ee4   Section        8  wind.o(.constdata)
    .constdata                               0x00003eec   Section       12  gps.o(.constdata)
    .constdata                               0x00003ef8   Section       12  xbee.o(.constdata)
    .constdata                               0x00003f04   Section        8  xbeecomms.o(.constdata)
    .constdata                               0x00003f0c   Section       52  compasscom.o(.constdata)
    .constdata                               0x00003f40   Section       32  i2c.o(.constdata)
    .constdata                               0x00003f60   Section       48  lidarcom.o(.constdata)
    .constdata                               0x00003f90   Section        4  es_checkevents.o(.constdata)
    ES_EventList                             0x00003f90   Data           4  es_checkevents.o(.constdata)
    .constdata                               0x00003f94   Section      144  es_framework.o(.constdata)
    ServDescList                             0x00003f94   Data          72  es_framework.o(.constdata)
    EventQueues                              0x00003fdc   Data          72  es_framework.o(.constdata)
    .constdata                               0x00004024   Section       32  es_lookuptables.o(.constdata)
    .constdata                               0x00004044   Section       15  es_lookuptables.o(.constdata)
    .constdata                               0x00004054   Section        8  es_postlist.o(.constdata)
    DistList00                               0x00004054   Data           8  es_postlist.o(.constdata)
    .constdata                               0x0000405c   Section       64  es_timers.o(.constdata)
    Timer2PostFunc                           0x0000405c   Data          64  es_timers.o(.constdata)
    .constdata                               0x0000409c   Section       28  uartstdio.o(.constdata)
    g_pcHex                                  0x0000409c   Data           4  uartstdio.o(.constdata)
    g_ui32UARTBase                           0x000040a0   Data          12  uartstdio.o(.constdata)
    g_ui32UARTPeriph                         0x000040ac   Data          12  uartstdio.o(.constdata)
    .constdata                               0x000040b8   Section      528  gpio.o(.constdata)
    g_ppui32GPIOIntMapBlizzard               0x000040b8   Data         192  gpio.o(.constdata)
    g_ppui32GPIOIntMapSnowflake              0x00004178   Data         192  gpio.o(.constdata)
    g_pui32GPIOBaseAddrs                     0x00004238   Data         144  gpio.o(.constdata)
    .constdata                               0x000042c8   Section      128  i2c.o(.constdata)
    g_ppui32I2CIntMap                        0x000042c8   Data          48  i2c.o(.constdata)
    g_ppui32I2CIntMapSnowflake               0x000042f8   Data          80  i2c.o(.constdata)
    .constdata                               0x00004348   Section      268  interrupt.o(.constdata)
    g_pui32Priority                          0x00004348   Data          32  interrupt.o(.constdata)
    g_pui32Regs                              0x00004368   Data         156  interrupt.o(.constdata)
    g_pui32EnRegs                            0x00004404   Data          20  interrupt.o(.constdata)
    g_pui32Dii16Regs                         0x00004418   Data          20  interrupt.o(.constdata)
    g_pui32PendRegs                          0x0000442c   Data          20  interrupt.o(.constdata)
    g_pui32UnpendRegs                        0x00004440   Data          20  interrupt.o(.constdata)
    .constdata                               0x00004454   Section      452  sysctl.o(.constdata)
    g_pui32VCOFrequencies                    0x00004454   Data           8  sysctl.o(.constdata)
    g_pui32Xtals                             0x0000445c   Data         108  sysctl.o(.constdata)
    g_pppui32XTALtoVCO                       0x000044c8   Data         288  sysctl.o(.constdata)
    g_sXTALtoMEMTIM                          0x000045e8   Data          48  sysctl.o(.constdata)
    .constdata                               0x00004618   Section       40  _printf_hex_int.o(.constdata)
    uc_hextab                                0x00004618   Data          20  _printf_hex_int.o(.constdata)
    lc_hextab                                0x0000462c   Data          20  _printf_hex_int.o(.constdata)
    .conststring                             0x00004640   Section       17  uartstdio.o(.conststring)
    .data                                    0x20000000   Section        6  clamp.o(.data)
    MyPriority                               0x20000001   Data           1  clamp.o(.data)
    CurrentState                             0x20000002   Data           1  clamp.o(.data)
    ticks                                    0x20000004   Data           2  clamp.o(.data)
    .data                                    0x20000006   Section       18  gridlinq.o(.data)
    MyPriority                               0x20000006   Data           1  gridlinq.o(.data)
    CurrentState                             0x20000007   Data           1  gridlinq.o(.data)
    lidarData                                0x20000008   Data           2  gridlinq.o(.data)
    compassData                              0x2000000a   Data           6  gridlinq.o(.data)
    CV7                                      0x20000010   Data           8  gridlinq.o(.data)
    .data                                    0x20000018   Section       20  wind.o(.data)
    arrayIndex                               0x20000018   Data           1  wind.o(.data)
    chksum                                   0x20000019   Data           1  wind.o(.data)
    sensorChecksum                           0x2000001a   Data           1  wind.o(.data)
    windVals                                 0x2000001b   Data           1  wind.o(.data)
    MyPriority                               0x2000001c   Data           1  wind.o(.data)
    CurrentState                             0x2000001d   Data           1  wind.o(.data)
    WindAngle                                0x2000001e   Data           2  wind.o(.data)
    WindSpeed                                0x20000020   Data           2  wind.o(.data)
    Temp                                     0x20000022   Data           2  wind.o(.data)
    .data                                    0x2000002c   Section        2  pwm.o(.data)
    zeroStatus                               0x2000002c   Data           1  pwm.o(.data)
    zeroStatus                               0x2000002d   Data           1  pwm.o(.data)
    .data                                    0x2000002e   Section        6  gps.o(.data)
    arrayIndex                               0x2000002e   Data           1  gps.o(.data)
    chksum                                   0x2000002f   Data           1  gps.o(.data)
    sensorChecksum                           0x20000030   Data           1  gps.o(.data)
    MyPriority                               0x20000031   Data           1  gps.o(.data)
    CurrentState                             0x20000032   Data           1  gps.o(.data)
    ID                                       0x20000033   Data           1  gps.o(.data)
    .data                                    0x20000034   Section       26  xbee.o(.data)
    MasterAddrMSB                            0x20000034   Data           1  xbee.o(.data)
    MasterAddrLSB                            0x20000035   Data           1  xbee.o(.data)
    txIndex                                  0x20000036   Data           1  xbee.o(.data)
    txSize                                   0x20000037   Data           1  xbee.o(.data)
    MyPriority                               0x20000038   Data           1  xbee.o(.data)
    CurrentState                             0x20000039   Data           1  xbee.o(.data)
    lidarData                                0x2000003a   Data           2  xbee.o(.data)
    rx                                       0x2000003c   Data           4  xbee.o(.data)
    compassData                              0x20000040   Data           6  xbee.o(.data)
    CV7                                      0x20000046   Data           8  xbee.o(.data)
    .data                                    0x2000004e   Section        8  xbeecomms.o(.data)
    chksum                                   0x2000004e   Data           1  xbeecomms.o(.data)
    MyPriority                               0x2000004f   Data           1  xbeecomms.o(.data)
    CurrentState                             0x20000050   Data           1  xbeecomms.o(.data)
    DataLen                                  0x20000052   Data           2  xbeecomms.o(.data)
    arrayIndex                               0x20000054   Data           2  xbeecomms.o(.data)
    .data                                    0x20000056   Section       32  compasscom.o(.data)
    initIndex                                0x20000056   Data           1  compasscom.o(.data)
    MyPriority                               0x20000057   Data           1  compasscom.o(.data)
    CurrentState                             0x20000058   Data           1  compasscom.o(.data)
    I2CResponse                              0x20000059   Data           4  compasscom.o(.data)
    I2CCommand                               0x2000005d   Data           4  compasscom.o(.data)
    LastReading                              0x20000062   Data           6  compasscom.o(.data)
    SetUpRegisters                           0x20000068   Data           7  compasscom.o(.data)
    SetUpValues                              0x2000006f   Data           7  compasscom.o(.data)
    .data                                    0x20000076   Section        1  i2c.o(.data)
    MyPriority                               0x20000076   Data           1  i2c.o(.data)
    .data                                    0x20000078   Section       14  lidarcom.o(.data)
    MyPriority                               0x20000079   Data           1  lidarcom.o(.data)
    CurrentState                             0x2000007a   Data           1  lidarcom.o(.data)
    I2CResponse                              0x2000007e   Data           4  lidarcom.o(.data)
    I2CCommand                               0x20000082   Data           4  lidarcom.o(.data)
    .data                                    0x20000086   Section        6  es_framework.o(.data)
    ThisEvent                                0x20000088   Data           4  es_framework.o(.data)
    .data                                    0x2000008c   Section        4  es_port.o(.data)
    TickCount                                0x2000008c   Data           1  es_port.o(.data)
    SysTickCounter                           0x2000008e   Data           2  es_port.o(.data)
    .data                                    0x20000090   Section        4  es_queue.o(.data)
    .data                                    0x20000094   Section       10  es_timers.o(.data)
    NextTimer2Process                        0x20000094   Data           1  es_timers.o(.data)
    NeedsProcessing                          0x20000096   Data           2  es_timers.o(.data)
    TMR_ActiveFlags                          0x20000098   Data           2  es_timers.o(.data)
    NewEvent                                 0x2000009a   Data           4  es_timers.o(.data)
    .data                                    0x200000a0   Section        4  retarget.o(.data)
    .data                                    0x200000a4   Section        4  retarget.o(.data)
    .data                                    0x200000a8   Section        8  uartstdio.o(.data)
    bLastWasCR                               0x200000a8   Data           1  uartstdio.o(.data)
    g_ui32Base                               0x200000ac   Data           4  uartstdio.o(.data)
    vtable                                   0x20000400   Section      620  interrupt.o(vtable)
    g_pfnRAMVectors                          0x20000400   Data         620  interrupt.o(vtable)
    .bss                                     0x2000066c   Section       38  gridlinq.o(.bss)
    GPSdata                                  0x2000066c   Data          38  gridlinq.o(.bss)
    .bss                                     0x20000692   Section       23  wind.o(.bss)
    rawData                                  0x20000692   Data          23  wind.o(.bss)
    .bss                                     0x200006aa   Section      118  gps.o(.bss)
    rawData                                  0x200006aa   Data          80  gps.o(.bss)
    .bss                                     0x20000720   Section       88  xbee.o(.bss)
    rxData                                   0x20000720   Data          12  xbee.o(.bss)
    txData                                   0x2000072c   Data          37  xbee.o(.bss)
    GPSdata                                  0x20000752   Data          38  xbee.o(.bss)
    .bss                                     0x20000778   Section       12  xbeecomms.o(.bss)
    rxData                                   0x20000778   Data          12  xbeecomms.o(.bss)
    .bss                                     0x20000784   Section       64  i2c.o(.bss)
    I2CModule0                               0x20000784   Data          32  i2c.o(.bss)
    I2CModule1                               0x200007a4   Data          32  i2c.o(.bss)
    .bss                                     0x200007c4   Section       16  es_framework.o(.bss)
    Queue0                                   0x200007c4   Data          16  es_framework.o(.bss)
    .bss                                     0x200007d4   Section       16  es_framework.o(.bss)
    Queue1                                   0x200007d4   Data          16  es_framework.o(.bss)
    .bss                                     0x200007e4   Section       16  es_framework.o(.bss)
    Queue2                                   0x200007e4   Data          16  es_framework.o(.bss)
    .bss                                     0x200007f4   Section      124  es_framework.o(.bss)
    Queue3                                   0x200007f4   Data         124  es_framework.o(.bss)
    .bss                                     0x20000870   Section       16  es_framework.o(.bss)
    Queue4                                   0x20000870   Data          16  es_framework.o(.bss)
    .bss                                     0x20000880   Section       44  es_framework.o(.bss)
    Queue5                                   0x20000880   Data          44  es_framework.o(.bss)
    .bss                                     0x200008ac   Section       16  es_framework.o(.bss)
    Queue6                                   0x200008ac   Data          16  es_framework.o(.bss)
    .bss                                     0x200008bc   Section       16  es_framework.o(.bss)
    Queue7                                   0x200008bc   Data          16  es_framework.o(.bss)
    .bss                                     0x200008cc   Section       16  es_framework.o(.bss)
    Queue8                                   0x200008cc   Data          16  es_framework.o(.bss)
    .bss                                     0x200008dc   Section       32  es_timers.o(.bss)
    TMR_TimerArray                           0x200008dc   Data          32  es_timers.o(.bss)
    .bss                                     0x200008fc   Section       96  libspace.o(.bss)
    HEAP                                     0x20000960   Section        0  startup_rvmdk.o(HEAP)
    STACK                                    0x20000960   Section     2048  startup_rvmdk.o(STACK)
    HeapMem                                  0x20000960   Data           0  startup_rvmdk.o(HEAP)
    StackMem                                 0x20000960   Data           0  startup_rvmdk.o(STACK)

    Global Symbols

    Symbol Name                              Value     Ov Type        Size  Object(Section)

    BuildAttributes$$THM_ISAv4$E$P$D$K$B$S$7EM$VFPi3$EXTD16$VFPS$VFMA$PE$A:L22UL41UL21$X:L11$S22US41US21$IEEE1$IW$USESV6$~STKCKD$USESV7$~SHL$OTIME$ROPI$EBA8$UX$STANDARDLIB$REQ8$PRES8$EABIv2 0x00000000   Number         0  anon$$obj.o ABSOLUTE
    __ARM_use_no_argv                        0x00000000   Number         0  main.o ABSOLUTE
    __Vectors                                0x00000000   Data           0  startup_rvmdk.o(RESET)
    __ARM_exceptions_init                     - Undefined Weak Reference
    __alloca_initialize                       - Undefined Weak Reference
    __arm_preinit_                            - Undefined Weak Reference
    __cpp_initialize__aeabi_                  - Undefined Weak Reference
    __cxa_finalize                            - Undefined Weak Reference
    __rt_locale                               - Undefined Weak Reference
    __sigvec_lookup                           - Undefined Weak Reference
    _atexit_init                              - Undefined Weak Reference
    _call_atexit_fns                          - Undefined Weak Reference
    _clock_init                               - Undefined Weak Reference
    _fp_trap_init                             - Undefined Weak Reference
    _fp_trap_shutdown                         - Undefined Weak Reference
    _get_lc_collate                           - Undefined Weak Reference
    _get_lc_ctype                             - Undefined Weak Reference
    _get_lc_monetary                          - Undefined Weak Reference
    _get_lc_numeric                           - Undefined Weak Reference
    _get_lc_time                              - Undefined Weak Reference
    _getenv_init                              - Undefined Weak Reference
    _handle_redirection                       - Undefined Weak Reference
    _init_alloc                               - Undefined Weak Reference
    _init_user_alloc                          - Undefined Weak Reference
    _initio                                   - Undefined Weak Reference
    _printf_mbtowc                            - Undefined Weak Reference
    _printf_post_padding                      - Undefined Weak Reference
    _printf_pre_padding                       - Undefined Weak Reference
    _printf_truncate_signed                   - Undefined Weak Reference
    _printf_truncate_unsigned                 - Undefined Weak Reference
    _rand_init                                - Undefined Weak Reference
    _signal_finish                            - Undefined Weak Reference
    _signal_init                              - Undefined Weak Reference
    _terminate_alloc                          - Undefined Weak Reference
    _terminate_user_alloc                     - Undefined Weak Reference
    _terminateio                              - Undefined Weak Reference
    Reset_Handler                            0x0000026d   Thumb Code     0  startup_rvmdk.o(RESET)
    __main                                   0x00000289   Thumb Code     8  __main.o(!!!main)
    __scatterload                            0x00000291   Thumb Code     0  __scatter.o(!!!scatter)
    __scatterload_rt2                        0x00000291   Thumb Code    44  __scatter.o(!!!scatter)
    __scatterload_rt2_thumb_only             0x00000291   Thumb Code     0  __scatter.o(!!!scatter)
    __scatterload_null                       0x0000029f   Thumb Code     0  __scatter.o(!!!scatter)
    __decompress                             0x000002c5   Thumb Code    58  __dczerorl.o(!!dczerorl)
    __decompress0                            0x000002c5   Thumb Code     0  __dczerorl.o(!!dczerorl)
    __scatterload_zeroinit                   0x00000301   Thumb Code    28  __scatter_zi.o(!!handler_zi)
    _printf_d                                0x0000031d   Thumb Code     0  _printf_d.o(.ARM.Collect$$_printf_percent$$00000009)
    _printf_percent                          0x0000031d   Thumb Code     0  _printf_percent.o(.ARM.Collect$$_printf_percent$$00000000)
    _printf_x                                0x00000323   Thumb Code     0  _printf_x.o(.ARM.Collect$$_printf_percent$$0000000C)
    _printf_c                                0x00000329   Thumb Code     0  _printf_c.o(.ARM.Collect$$_printf_percent$$00000013)
    _printf_s                                0x0000032f   Thumb Code     0  _printf_s.o(.ARM.Collect$$_printf_percent$$00000014)
    _printf_percent_end                      0x00000335   Thumb Code     0  _printf_percent_end.o(.ARM.Collect$$_printf_percent$$00000017)
    __rt_lib_init                            0x00000339   Thumb Code     0  libinit.o(.ARM.Collect$$libinit$$00000000)
    __rt_lib_init_fp_1                       0x0000033b   Thumb Code     0  libinit2.o(.ARM.Collect$$libinit$$00000001)
    __rt_lib_init_alloca_1                   0x0000033f   Thumb Code     0  libinit2.o(.ARM.Collect$$libinit$$0000002E)
    __rt_lib_init_argv_1                     0x0000033f   Thumb Code     0  libinit2.o(.ARM.Collect$$libinit$$0000002C)
    __rt_lib_init_atexit_1                   0x0000033f   Thumb Code     0  libinit2.o(.ARM.Collect$$libinit$$0000001B)
    __rt_lib_init_clock_1                    0x0000033f   Thumb Code     0  libinit2.o(.ARM.Collect$$libinit$$00000021)
    __rt_lib_init_cpp_1                      0x0000033f   Thumb Code     0  libinit2.o(.ARM.Collect$$libinit$$00000032)
    __rt_lib_init_exceptions_1               0x0000033f   Thumb Code     0  libinit2.o(.ARM.Collect$$libinit$$00000030)
    __rt_lib_init_fp_trap_1                  0x0000033f   Thumb Code     0  libinit2.o(.ARM.Collect$$libinit$$0000001F)
    __rt_lib_init_getenv_1                   0x0000033f   Thumb Code     0  libinit2.o(.ARM.Collect$$libinit$$00000023)
    __rt_lib_init_heap_1                     0x0000033f   Thumb Code     0  libinit2.o(.ARM.Collect$$libinit$$0000000A)
    __rt_lib_init_lc_collate_1               0x0000033f   Thumb Code     0  libinit2.o(.ARM.Collect$$libinit$$00000011)
    __rt_lib_init_lc_ctype_1                 0x0000033f   Thumb Code     0  libinit2.o(.ARM.Collect$$libinit$$00000013)
    __rt_lib_init_lc_monetary_1              0x0000033f   Thumb Code     0  libinit2.o(.ARM.Collect$$libinit$$00000015)
    __rt_lib_init_lc_numeric_1               0x0000033f   Thumb Code     0  libinit2.o(.ARM.Collect$$libinit$$00000017)
    __rt_lib_init_lc_time_1                  0x0000033f   Thumb Code     0  libinit2.o(.ARM.Collect$$libinit$$00000019)
    __rt_lib_init_preinit_1                  0x0000033f   Thumb Code     0  libinit2.o(.ARM.Collect$$libinit$$00000004)
    __rt_lib_init_rand_1                     0x0000033f   Thumb Code     0  libinit2.o(.ARM.Collect$$libinit$$0000000E)
    __rt_lib_init_return                     0x0000033f   Thumb Code     0  libinit2.o(.ARM.Collect$$libinit$$00000033)
    __rt_lib_init_signal_1                   0x0000033f   Thumb Code     0  libinit2.o(.ARM.Collect$$libinit$$0000001D)
    __rt_lib_init_stdio_1                    0x0000033f   Thumb Code     0  libinit2.o(.ARM.Collect$$libinit$$00000025)
    __rt_lib_init_user_alloc_1               0x0000033f   Thumb Code     0  libinit2.o(.ARM.Collect$$libinit$$0000000C)
    __rt_lib_shutdown                        0x00000341   Thumb Code     0  libshutdown.o(.ARM.Collect$$libshutdown$$00000000)
    __rt_lib_shutdown_fp_trap_1              0x00000343   Thumb Code     0  libshutdown2.o(.ARM.Collect$$libshutdown$$00000006)
    __rt_lib_shutdown_heap_1                 0x00000343   Thumb Code     0  libshutdown2.o(.ARM.Collect$$libshutdown$$0000000E)
    __rt_lib_shutdown_return                 0x00000343   Thumb Code     0  libshutdown2.o(.ARM.Collect$$libshutdown$$0000000F)
    __rt_lib_shutdown_signal_1               0x00000343   Thumb Code     0  libshutdown2.o(.ARM.Collect$$libshutdown$$00000009)
    __rt_lib_shutdown_stdio_1                0x00000343   Thumb Code     0  libshutdown2.o(.ARM.Collect$$libshutdown$$00000003)
    __rt_lib_shutdown_user_alloc_1           0x00000343   Thumb Code     0  libshutdown2.o(.ARM.Collect$$libshutdown$$0000000B)
    __rt_entry                               0x00000345   Thumb Code     0  __rtentry.o(.ARM.Collect$$rtentry$$00000000)
    __rt_entry_presh_1                       0x00000345   Thumb Code     0  __rtentry2.o(.ARM.Collect$$rtentry$$00000002)
    __rt_entry_sh                            0x00000345   Thumb Code     0  __rtentry4.o(.ARM.Collect$$rtentry$$00000004)
    __rt_entry_li                            0x0000034b   Thumb Code     0  __rtentry2.o(.ARM.Collect$$rtentry$$0000000A)
    __rt_entry_postsh_1                      0x0000034b   Thumb Code     0  __rtentry2.o(.ARM.Collect$$rtentry$$00000009)
    __rt_entry_main                          0x0000034f   Thumb Code     0  __rtentry2.o(.ARM.Collect$$rtentry$$0000000D)
    __rt_entry_postli_1                      0x0000034f   Thumb Code     0  __rtentry2.o(.ARM.Collect$$rtentry$$0000000C)
    __rt_exit                                0x00000357   Thumb Code     0  rtexit.o(.ARM.Collect$$rtexit$$00000000)
    __rt_exit_ls                             0x00000359   Thumb Code     0  rtexit2.o(.ARM.Collect$$rtexit$$00000003)
    __rt_exit_prels_1                        0x00000359   Thumb Code     0  rtexit2.o(.ARM.Collect$$rtexit$$00000002)
    __rt_exit_exit                           0x0000035d   Thumb Code     0  rtexit2.o(.ARM.Collect$$rtexit$$00000004)
    SysCtlDelay                              0x00000365   Thumb Code     6  sysctl.o(.emb_text)
    CPUcpsid                                 0x0000036d   Thumb Code     8  cpu.o(.emb_text)
    CPUprimask                               0x00000375   Thumb Code     6  cpu.o(.emb_text)
    CPUcpsie                                 0x0000037b   Thumb Code     8  cpu.o(.emb_text)
    CPUwfi                                   0x00000383   Thumb Code     4  cpu.o(.emb_text)
    CPUbasepriSet                            0x00000387   Thumb Code     6  cpu.o(.emb_text)
    CPUbasepriGet                            0x0000038d   Thumb Code     6  cpu.o(.emb_text)
    __user_initial_stackheap                 0x00000395   Thumb Code     0  startup_rvmdk.o(.text)
    __I$use$semihosting                      0x000003ad   Thumb Code     0  use_no_semi.o(.text)
    __use_no_semihosting_swi                 0x000003ad   Thumb Code     2  use_no_semi.o(.text)
    __2printf                                0x000003b1   Thumb Code    20  noretval__2printf.o(.text)
    __printf                                 0x000003c9   Thumb Code   104  __printf.o(.text)
    _printf_str                              0x00000431   Thumb Code    82  _printf_str.o(.text)
    _printf_int_dec                          0x00000485   Thumb Code   104  _printf_dec.o(.text)
    _printf_int_hex                          0x000004fd   Thumb Code    84  _printf_hex_int.o(.text)
    _printf_longlong_hex                     0x000004fd   Thumb Code     0  _printf_hex_int.o(.text)
    getc                                     0x00000555   Thumb Code     4  getc.o(.text)
    puts                                     0x00000559   Thumb Code    40  puts.o(.text)
    __aeabi_memcpy                           0x00000585   Thumb Code     0  rt_memcpy_v6.o(.text)
    __rt_memcpy                              0x00000585   Thumb Code   138  rt_memcpy_v6.o(.text)
    _memcpy_lastbytes                        0x000005eb   Thumb Code     0  rt_memcpy_v6.o(.text)
    __aeabi_memcpy4                          0x0000060f   Thumb Code     0  rt_memcpy_w.o(.text)
    __aeabi_memcpy8                          0x0000060f   Thumb Code     0  rt_memcpy_w.o(.text)
    __rt_memcpy_w                            0x0000060f   Thumb Code   100  rt_memcpy_w.o(.text)
    _memcpy_lastbytes_aligned                0x00000657   Thumb Code     0  rt_memcpy_w.o(.text)
    __use_two_region_memory                  0x00000673   Thumb Code     2  heapauxi.o(.text)
    __rt_heap_escrow$2region                 0x00000675   Thumb Code     2  heapauxi.o(.text)
    __rt_heap_expand$2region                 0x00000677   Thumb Code     2  heapauxi.o(.text)
    _printf_int_common                       0x00000679   Thumb Code   178  _printf_intcommon.o(.text)
    _printf_cs_common                        0x0000072b   Thumb Code    20  _printf_char.o(.text)
    _printf_char                             0x0000073f   Thumb Code    16  _printf_char.o(.text)
    _printf_string                           0x0000074f   Thumb Code     8  _printf_char.o(.text)
    _printf_char_file                        0x00000759   Thumb Code    32  _printf_char_file.o(.text)
    _printf_char_common                      0x00000787   Thumb Code    32  _printf_char_common.o(.text)
    __user_setup_stackheap                   0x000007ad   Thumb Code    74  sys_stackheap_outer.o(.text)
    exit                                     0x000007f7   Thumb Code    12  exit.o(.text)
    __user_libspace                          0x00000805   Thumb Code     8  libspace.o(.text)
    __user_perproc_libspace                  0x00000805   Thumb Code     0  libspace.o(.text)
    __user_perthread_libspace                0x00000805   Thumb Code     0  libspace.o(.text)
    CPUgetPRIMASK_cpsid                      0x0000080d   Thumb Code     8  es_port.o(i.CPUgetPRIMASK_cpsid)
    CPUsetPRIMASK                            0x00000815   Thumb Code     6  es_port.o(i.CPUsetPRIMASK)
    Check4Keystroke                          0x0000081d   Thumb Code   140  eventcheckers.o(i.Check4Keystroke)
    ClampInterruptResponse                   0x00000961   Thumb Code    40  clamp.o(i.ClampInterruptResponse)
    ES_CheckUserEvents                       0x00000995   Thumb Code    34  es_checkevents.o(i.ES_CheckUserEvents)
    ES_DeQueue                               0x000009bd   Thumb Code    80  es_queue.o(i.ES_DeQueue)
    ES_EnQueueFIFO                           0x00000a11   Thumb Code    66  es_queue.o(i.ES_EnQueueFIFO)
    ES_GetMSBitSet                           0x00000a59   Thumb Code    48  es_lookuptables.o(i.ES_GetMSBitSet)
    ES_InitQueue                             0x00000a8d   Thumb Code    16  es_queue.o(i.ES_InitQueue)
    ES_Initialize                            0x00000a9d   Thumb Code    72  es_framework.o(i.ES_Initialize)
    ES_PostList00                            0x00000ae9   Thumb Code    44  es_postlist.o(i.ES_PostList00)
    ES_PostToService                         0x00000b19   Thumb Code    42  es_framework.o(i.ES_PostToService)
    ES_Run                                   0x00000b51   Thumb Code    84  es_framework.o(i.ES_Run)
    ES_Timer_Init                            0x00000bb1   Thumb Code     4  es_timers.o(i.ES_Timer_Init)
    ES_Timer_InitTimer                       0x00000bb5   Thumb Code    44  es_timers.o(i.ES_Timer_InitTimer)
    ES_Timer_StopTimer                       0x00000bf1   Thumb Code    28  es_timers.o(i.ES_Timer_StopTimer)
    ES_Timer_Tick_Resp                       0x00000c15   Thumb Code    90  es_timers.o(i.ES_Timer_Tick_Resp)
    EncoderInterrputResponse                 0x00000c81   Thumb Code    26  clamp.o(i.EncoderInterrputResponse)
    GPIODirModeSet                           0x00000ca9   Thumb Code    40  gpio.o(i.GPIODirModeSet)
    GPIOPadConfigSet                         0x00000cd1   Thumb Code   314  gpio.o(i.GPIOPadConfigSet)
    GPIOPinConfigure                         0x00000e0d   Thumb Code    64  gpio.o(i.GPIOPinConfigure)
    GPIOPinTypeGPIOInput                     0x00000e55   Thumb Code    28  gpio.o(i.GPIOPinTypeGPIOInput)
    GPIOPinTypeGPIOOutput                    0x00000e71   Thumb Code    28  gpio.o(i.GPIOPinTypeGPIOOutput)
    GPIOPinTypeI2C                           0x00000e8d   Thumb Code    28  gpio.o(i.GPIOPinTypeI2C)
    GPIOPinTypeI2CSCL                        0x00000ea9   Thumb Code    28  gpio.o(i.GPIOPinTypeI2CSCL)
    GPIOPinTypeUART                          0x00000ec5   Thumb Code    28  gpio.o(i.GPIOPinTypeUART)
    GetGPSData                               0x00000ee1   Thumb Code     8  gps.o(i.GetGPSData)
    GetRxData                                0x00000eed   Thumb Code     4  xbeecomms.o(i.GetRxData)
    GetWindData                              0x00000ef5   Thumb Code    12  wind.o(i.GetWindData)
    I2C0InterruptResponse                    0x00000f05   Thumb Code    18  i2c.o(i.I2C0InterruptResponse)
    I2C1InterruptResponse                    0x00000f21   Thumb Code    18  i2c.o(i.I2C1InterruptResponse)
    I2CIntRegister                           0x00000f3d   Thumb Code    80  i2c.o(i.I2CIntRegister)
    I2CMasterControl                         0x00000f9d   Thumb Code     4  i2c.o(i.I2CMasterControl)
    I2CMasterDataGet                         0x00000fa1   Thumb Code     4  i2c.o(i.I2CMasterDataGet)
    I2CMasterDataPut                         0x00000fa5   Thumb Code     4  i2c.o(i.I2CMasterDataPut)
    I2CMasterErr                             0x00000fa9   Thumb Code    24  i2c.o(i.I2CMasterErr)
    I2CMasterInitExpClk                      0x00000fc1   Thumb Code    72  i2c.o(i.I2CMasterInitExpClk)
    I2CMasterIntClear                        0x00001015   Thumb Code     8  i2c.o(i.I2CMasterIntClear)
    I2CMasterIntEnable                       0x0000101d   Thumb Code     6  i2c.o(i.I2CMasterIntEnable)
    I2CMasterSlaveAddrSet                    0x00001023   Thumb Code     8  i2c.o(i.I2CMasterSlaveAddrSet)
    I2CMasterTimeoutSet                      0x0000102b   Thumb Code     4  i2c.o(i.I2CMasterTimeoutSet)
    I2CRxFIFOFlush                           0x0000102f   Thumb Code    16  i2c.o(i.I2CRxFIFOFlush)
    I2CStart                                 0x00001041   Thumb Code    80  i2c.o(i.I2CStart)
    I2CTxFIFOFlush                           0x000010b1   Thumb Code    16  i2c.o(i.I2CTxFIFOFlush)
    InitClamp                                0x000010c1   Thumb Code    70  clamp.o(i.InitClamp)
    InitCompassCom                           0x00001111   Thumb Code    30  compasscom.o(i.InitCompassCom)
    InitGPS                                  0x00001155   Thumb Code    30  gps.o(i.InitGPS)
    InitGridlinq                             0x00001195   Thumb Code    28  gridlinq.o(i.InitGridlinq)
    InitI2C                                  0x000011b9   Thumb Code    56  i2c.o(i.InitI2C)
    InitLidarCom                             0x00001405   Thumb Code    30  lidarcom.o(i.InitLidarCom)
    InitPWM                                  0x00001445   Thumb Code   282  pwm.o(i.InitPWM)
    InitUART                                 0x0000159d   Thumb Code    18  uart.o(i.InitUART)
    InitWind                                 0x00001815   Thumb Code    30  wind.o(i.InitWind)
    InitXbee                                 0x00001859   Thumb Code    30  xbee.o(i.InitXbee)
    InitXbeeComms                            0x000018a5   Thumb Code    30  xbeecomms.o(i.InitXbeeComms)
    IntEnable                                0x000018f1   Thumb Code    92  interrupt.o(i.IntEnable)
    IntMasterEnable                          0x00001955   Thumb Code    14  interrupt.o(i.IntMasterEnable)
    IntRegister                              0x00001965   Thumb Code    44  interrupt.o(i.IntRegister)
    PortFunctionInit                         0x00001dd9   Thumb Code   132  enablepa25_pb23_pd7_pf0.o(i.PortFunctionInit)
    PostClamp                                0x00001e79   Thumb Code    10  clamp.o(i.PostClamp)
    PostCompassCom                           0x00001e89   Thumb Code    10  compasscom.o(i.PostCompassCom)
    PostGPS                                  0x00001e99   Thumb Code    10  gps.o(i.PostGPS)
    PostGridlinq                             0x00001ea9   Thumb Code    10  gridlinq.o(i.PostGridlinq)
    PostI2C                                  0x00001eb9   Thumb Code    10  i2c.o(i.PostI2C)
    PostLidarCom                             0x00001ec9   Thumb Code    10  lidarcom.o(i.PostLidarCom)
    PostWind                                 0x00001ed9   Thumb Code    10  wind.o(i.PostWind)
    PostXbee                                 0x00001ee9   Thumb Code    10  xbee.o(i.PostXbee)
    PostXbeeComms                            0x00001ef9   Thumb Code    10  xbeecomms.o(i.PostXbeeComms)
    RunClamp                                 0x00001f09   Thumb Code   562  clamp.o(i.RunClamp)
    RunCompassCom                            0x000021cd   Thumb Code   266  compasscom.o(i.RunCompassCom)
    RunGPS                                   0x0000239d   Thumb Code   376  gps.o(i.RunGPS)
    RunGridlinq                              0x000025c5   Thumb Code   126  gridlinq.o(i.RunGridlinq)
    RunI2C                                   0x00002681   Thumb Code   166  i2c.o(i.RunI2C)
    RunLidarCom                              0x00002731   Thumb Code   218  lidarcom.o(i.RunLidarCom)
    RunWind                                  0x00002815   Thumb Code   354  wind.o(i.RunWind)
    RunXbee                                  0x000029fd   Thumb Code   278  xbee.o(i.RunXbee)
    RunXbeeComms                             0x00002bc9   Thumb Code   224  xbeecomms.o(i.RunXbeeComms)
    SetPWMDuty                               0x00002d15   Thumb Code   184  pwm.o(i.SetPWMDuty)
    SetPWMWidth                              0x00002dd5   Thumb Code   198  pwm.o(i.SetPWMWidth)
    SysCtlClockGet                           0x00002ea5   Thumb Code   314  sysctl.o(i.SysCtlClockGet)
    SysCtlClockSet                           0x00003009   Thumb Code   270  sysctl.o(i.SysCtlClockSet)
    SysCtlPeripheralEnable                   0x00003129   Thumb Code    36  sysctl.o(i.SysCtlPeripheralEnable)
    SysCtlPeripheralReset                    0x00003151   Thumb Code    56  sysctl.o(i.SysCtlPeripheralReset)
    SysTickEnable                            0x0000318d   Thumb Code    14  systick.o(i.SysTickEnable)
    SysTickIntEnable                         0x0000319b   Thumb Code    14  systick.o(i.SysTickIntEnable)
    SysTickIntHandler                        0x000031a9   Thumb Code    16  es_port.o(i.SysTickIntHandler)
    SysTickPeriodSet                         0x000031bd   Thumb Code    10  systick.o(i.SysTickPeriodSet)
    TERMIO_GetChar                           0x000031c7   Thumb Code     4  termio.o(i.TERMIO_GetChar)
    TERMIO_Init                              0x000031cd   Thumb Code    62  termio.o(i.TERMIO_Init)
    TERMIO_PutChar                           0x0000321d   Thumb Code     8  termio.o(i.TERMIO_PutChar)
    UART1ISR                                 0x00003229   Thumb Code    80  xbee.o(i.UART1ISR)
    UART2ISR                                 0x00003289   Thumb Code    34  wind.o(i.UART2ISR)
    UART5ISR                                 0x000032b1   Thumb Code    32  gps.o(i.UART5ISR)
    UARTCharPut                              0x000032d9   Thumb Code    12  uart.o(i.UARTCharPut)
    UARTClockSourceSet                       0x000032e5   Thumb Code     6  uart.o(i.UARTClockSourceSet)
    UARTStdioConfig                          0x000032ed   Thumb Code    82  uartstdio.o(i.UARTStdioConfig)
    UARTgetc                                 0x00003349   Thumb Code    20  uartstdio.o(i.UARTgetc)
    _HW_Process_Pending_Ints                 0x00003361   Thumb Code    26  es_port.o(i._HW_Process_Pending_Ints)
    _HW_Timer_Init                           0x00003381   Thumb Code    22  es_port.o(i._HW_Timer_Init)
    _sys_exit                                0x00003397   Thumb Code     2  retarget.o(i._sys_exit)
    checkSum                                 0x000033c1   Thumb Code    28  xbee.o(i.checkSum)
    ferror                                   0x00003459   Thumb Code     6  retarget.o(i.ferror)
    fgetc                                    0x0000345f   Thumb Code     4  retarget.o(i.fgetc)
    fputc                                    0x00003463   Thumb Code    14  retarget.o(i.fputc)
    getCompassData                           0x00003471   Thumb Code    38  compasscom.o(i.getCompassData)
    getLidarData                             0x000034b5   Thumb Code    40  lidarcom.o(i.getLidarData)
    isValidPacket                            0x00003729   Thumb Code    82  xbee.o(i.isValidPacket)
    kbhit                                    0x000037f5   Thumb Code    16  termio.o(i.kbhit)
    main                                     0x00003809   Thumb Code    94  main.o(i.main)
    setI2CPostFunction                       0x00003ac1   Thumb Code    18  i2c.o(i.setI2CPostFunction)
    __aeabi_d2f                              0x00003b55   Thumb Code     0  d2f.o(x$fpl$d2f)
    _d2f                                     0x00003b55   Thumb Code    98  d2f.o(x$fpl$d2f)
    __aeabi_dmul                             0x00003bb9   Thumb Code     0  dmul.o(x$fpl$dmul)
    _dmul                                    0x00003bb9   Thumb Code   332  dmul.o(x$fpl$dmul)
    __fpl_dnaninf                            0x00003d0d   Thumb Code   156  dnaninf.o(x$fpl$dnaninf)
    __fpl_dretinf                            0x00003da9   Thumb Code    12  dretinf.o(x$fpl$dretinf)
    __aeabi_f2d                              0x00003db5   Thumb Code     0  f2d.o(x$fpl$f2d)
    _f2d                                     0x00003db5   Thumb Code    86  f2d.o(x$fpl$f2d)
    __fpl_fnaninf                            0x00003e0b   Thumb Code   140  fnaninf.o(x$fpl$fnaninf)
    _fp_init                                 0x00003e97   Thumb Code    10  fpinit.o(x$fpl$fpinit)
    __fplib_config_fpu_vfp                   0x00003e9f   Thumb Code     0  fpinit.o(x$fpl$fpinit)
    __fplib_config_pureend_doubles           0x00003e9f   Thumb Code     0  fpinit.o(x$fpl$fpinit)
    __fpl_fretinf                            0x00003ea1   Thumb Code    10  fretinf.o(x$fpl$fretinf)
    __I$use$fp                               0x00003eaa   Number         0  usenofp.o(x$fpl$usenofp)
    BitNum2SetMask                           0x00004024   Data          32  es_lookuptables.o(.constdata)
    Nybble2MSBitNum                          0x00004044   Data          15  es_lookuptables.o(.constdata)
    Region$$Table$$Base                      0x00004654   Number         0  anon$$obj.o(Region$$Table)
    Region$$Table$$Limit                     0x00004674   Number         0  anon$$obj.o(Region$$Table)
    reverse                                  0x20000000   Data           1  clamp.o(.data)
    BeaconValue                              0x20000003   Data           1  clamp.o(.data)
    Winddata                                 0x20000024   Data           8  wind.o(.data)
    newRead                                  0x20000078   Data           1  lidarcom.o(.data)
    distance                                 0x2000007c   Data           2  lidarcom.o(.data)
    Ready                                    0x20000086   Data           2  es_framework.o(.data)
    _PRIMASK_temp                            0x20000090   Data           4  es_queue.o(.data)
    __stdout                                 0x200000a0   Data           4  retarget.o(.data)
    __stdin                                  0x200000a4   Data           4  retarget.o(.data)
    data                                     0x200006fa   Data          38  gps.o(.bss)
    __libspace_start                         0x200008fc   Data          96  libspace.o(.bss)
    __temporary_stack_top$libspace           0x2000095c   Data           0  libspace.o(.bss)



==============================================================================

Memory Map of the image

  Image Entry point : 0x0000026d

  Load Region LR_IROM1 (Base: 0x00000000, Size: 0x00004ce0, Max: 0x00040000, ABSOLUTE, COMPRESSED[0x0000469c])

    Execution Region ER_IROM1 (Base: 0x00000000, Size: 0x00004674, Max: 0x00040000, ABSOLUTE)

    Base Addr    Size         Type   Attr      Idx    E Section Name        Object

    0x00000000   0x00000288   Code   RO          758  * RESET               startup_rvmdk.o
    0x00000288   0x00000008   Code   RO         2723  * !!!main             c_w.l(__main.o)
    0x00000290   0x00000034   Code   RO         2901    !!!scatter          c_w.l(__scatter.o)
    0x000002c4   0x0000003a   Code   RO         2899    !!dczerorl          c_w.l(__dczerorl.o)
    0x000002fe   0x00000002   PAD
    0x00000300   0x0000001c   Code   RO         2903    !!handler_zi        c_w.l(__scatter_zi.o)
    0x0000031c   0x00000000   Code   RO         2712    .ARM.Collect$$_printf_percent$$00000000  c_w.l(_printf_percent.o)
    0x0000031c   0x00000006   Code   RO         2711    .ARM.Collect$$_printf_percent$$00000009  c_w.l(_printf_d.o)
    0x00000322   0x00000006   Code   RO         2710    .ARM.Collect$$_printf_percent$$0000000C  c_w.l(_printf_x.o)
    0x00000328   0x00000006   Code   RO         2708    .ARM.Collect$$_printf_percent$$00000013  c_w.l(_printf_c.o)
    0x0000032e   0x00000006   Code   RO         2709    .ARM.Collect$$_printf_percent$$00000014  c_w.l(_printf_s.o)
    0x00000334   0x00000004   Code   RO         2738    .ARM.Collect$$_printf_percent$$00000017  c_w.l(_printf_percent_end.o)
    0x00000338   0x00000002   Code   RO         2776    .ARM.Collect$$libinit$$00000000  c_w.l(libinit.o)
    0x0000033a   0x00000004   Code   RO         2782    .ARM.Collect$$libinit$$00000001  c_w.l(libinit2.o)
    0x0000033e   0x00000000   Code   RO         2785    .ARM.Collect$$libinit$$00000004  c_w.l(libinit2.o)
    0x0000033e   0x00000000   Code   RO         2788    .ARM.Collect$$libinit$$0000000A  c_w.l(libinit2.o)
    0x0000033e   0x00000000   Code   RO         2790    .ARM.Collect$$libinit$$0000000C  c_w.l(libinit2.o)
    0x0000033e   0x00000000   Code   RO         2792    .ARM.Collect$$libinit$$0000000E  c_w.l(libinit2.o)
    0x0000033e   0x00000000   Code   RO         2795    .ARM.Collect$$libinit$$00000011  c_w.l(libinit2.o)
    0x0000033e   0x00000000   Code   RO         2797    .ARM.Collect$$libinit$$00000013  c_w.l(libinit2.o)
    0x0000033e   0x00000000   Code   RO         2799    .ARM.Collect$$libinit$$00000015  c_w.l(libinit2.o)
    0x0000033e   0x00000000   Code   RO         2801    .ARM.Collect$$libinit$$00000017  c_w.l(libinit2.o)
    0x0000033e   0x00000000   Code   RO         2803    .ARM.Collect$$libinit$$00000019  c_w.l(libinit2.o)
    0x0000033e   0x00000000   Code   RO         2805    .ARM.Collect$$libinit$$0000001B  c_w.l(libinit2.o)
    0x0000033e   0x00000000   Code   RO         2807    .ARM.Collect$$libinit$$0000001D  c_w.l(libinit2.o)
    0x0000033e   0x00000000   Code   RO         2809    .ARM.Collect$$libinit$$0000001F  c_w.l(libinit2.o)
    0x0000033e   0x00000000   Code   RO         2811    .ARM.Collect$$libinit$$00000021  c_w.l(libinit2.o)
    0x0000033e   0x00000000   Code   RO         2813    .ARM.Collect$$libinit$$00000023  c_w.l(libinit2.o)
    0x0000033e   0x00000000   Code   RO         2815    .ARM.Collect$$libinit$$00000025  c_w.l(libinit2.o)
    0x0000033e   0x00000000   Code   RO         2819    .ARM.Collect$$libinit$$0000002C  c_w.l(libinit2.o)
    0x0000033e   0x00000000   Code   RO         2821    .ARM.Collect$$libinit$$0000002E  c_w.l(libinit2.o)
    0x0000033e   0x00000000   Code   RO         2823    .ARM.Collect$$libinit$$00000030  c_w.l(libinit2.o)
    0x0000033e   0x00000000   Code   RO         2825    .ARM.Collect$$libinit$$00000032  c_w.l(libinit2.o)
    0x0000033e   0x00000002   Code   RO         2826    .ARM.Collect$$libinit$$00000033  c_w.l(libinit2.o)
    0x00000340   0x00000002   Code   RO         2844    .ARM.Collect$$libshutdown$$00000000  c_w.l(libshutdown.o)
    0x00000342   0x00000000   Code   RO         2855    .ARM.Collect$$libshutdown$$00000003  c_w.l(libshutdown2.o)
    0x00000342   0x00000000   Code   RO         2858    .ARM.Collect$$libshutdown$$00000006  c_w.l(libshutdown2.o)
    0x00000342   0x00000000   Code   RO         2861    .ARM.Collect$$libshutdown$$00000009  c_w.l(libshutdown2.o)
    0x00000342   0x00000000   Code   RO         2863    .ARM.Collect$$libshutdown$$0000000B  c_w.l(libshutdown2.o)
    0x00000342   0x00000000   Code   RO         2866    .ARM.Collect$$libshutdown$$0000000E  c_w.l(libshutdown2.o)
    0x00000342   0x00000002   Code   RO         2867    .ARM.Collect$$libshutdown$$0000000F  c_w.l(libshutdown2.o)
    0x00000344   0x00000000   Code   RO         2731    .ARM.Collect$$rtentry$$00000000  c_w.l(__rtentry.o)
    0x00000344   0x00000000   Code   RO         2749    .ARM.Collect$$rtentry$$00000002  c_w.l(__rtentry2.o)
    0x00000344   0x00000006   Code   RO         2761    .ARM.Collect$$rtentry$$00000004  c_w.l(__rtentry4.o)
    0x0000034a   0x00000000   Code   RO         2751    .ARM.Collect$$rtentry$$00000009  c_w.l(__rtentry2.o)
    0x0000034a   0x00000004   Code   RO         2752    .ARM.Collect$$rtentry$$0000000A  c_w.l(__rtentry2.o)
    0x0000034e   0x00000000   Code   RO         2754    .ARM.Collect$$rtentry$$0000000C  c_w.l(__rtentry2.o)
    0x0000034e   0x00000008   Code   RO         2755    .ARM.Collect$$rtentry$$0000000D  c_w.l(__rtentry2.o)
    0x00000356   0x00000002   Code   RO         2780    .ARM.Collect$$rtexit$$00000000  c_w.l(rtexit.o)
    0x00000358   0x00000000   Code   RO         2828    .ARM.Collect$$rtexit$$00000002  c_w.l(rtexit2.o)
    0x00000358   0x00000004   Code   RO         2829    .ARM.Collect$$rtexit$$00000003  c_w.l(rtexit2.o)
    0x0000035c   0x00000006   Code   RO         2830    .ARM.Collect$$rtexit$$00000004  c_w.l(rtexit2.o)
    0x00000362   0x00000002   PAD
    0x00000364   0x00000006   Code   RO         1949    .emb_text           driverlib.lib(sysctl.o)
    0x0000036a   0x00000002   PAD
    0x0000036c   0x00000026   Code   RO         2643    .emb_text           driverlib.lib(cpu.o)
    0x00000392   0x00000002   PAD
    0x00000394   0x00000018   Code   RO          759    .text               startup_rvmdk.o
    0x000003ac   0x00000002   Code   RO         2655    .text               c_w.l(use_no_semi.o)
    0x000003ae   0x00000002   PAD
    0x000003b0   0x00000018   Code   RO         2659    .text               c_w.l(noretval__2printf.o)
    0x000003c8   0x00000068   Code   RO         2661    .text               c_w.l(__printf.o)
    0x00000430   0x00000052   Code   RO         2663    .text               c_w.l(_printf_str.o)
    0x00000482   0x00000002   PAD
    0x00000484   0x00000078   Code   RO         2665    .text               c_w.l(_printf_dec.o)
    0x000004fc   0x00000058   Code   RO         2670    .text               c_w.l(_printf_hex_int.o)
    0x00000554   0x00000004   Code   RO         2713    .text               c_w.l(getc.o)
    0x00000558   0x0000002c   Code   RO         2715    .text               c_w.l(puts.o)
    0x00000584   0x0000008a   Code   RO         2717    .text               c_w.l(rt_memcpy_v6.o)
    0x0000060e   0x00000064   Code   RO         2719    .text               c_w.l(rt_memcpy_w.o)
    0x00000672   0x00000006   Code   RO         2721    .text               c_w.l(heapauxi.o)
    0x00000678   0x000000b2   Code   RO         2732    .text               c_w.l(_printf_intcommon.o)
    0x0000072a   0x0000002c   Code   RO         2734    .text               c_w.l(_printf_char.o)
    0x00000756   0x00000002   PAD
    0x00000758   0x00000024   Code   RO         2736    .text               c_w.l(_printf_char_file.o)
    0x0000077c   0x00000030   Code   RO         2763    .text               c_w.l(_printf_char_common.o)
    0x000007ac   0x0000004a   Code   RO         2765    .text               c_w.l(sys_stackheap_outer.o)
    0x000007f6   0x0000000c   Code   RO         2769    .text               c_w.l(exit.o)
    0x00000802   0x00000002   PAD
    0x00000804   0x00000008   Code   RO         2777    .text               c_w.l(libspace.o)
    0x0000080c   0x00000008   Code   RO          901    i.CPUgetPRIMASK_cpsid  es_port.o
    0x00000814   0x00000006   Code   RO          907    i.CPUsetPRIMASK     es_port.o
    0x0000081a   0x00000002   PAD
    0x0000081c   0x00000144   Code   RO          104    i.Check4Keystroke   eventcheckers.o
    0x00000960   0x00000034   Code   RO          150    i.ClampInterruptResponse  clamp.o
    0x00000994   0x00000028   Code   RO          765    i.ES_CheckUserEvents  es_checkevents.o
    0x000009bc   0x00000054   Code   RO          937    i.ES_DeQueue        es_queue.o
    0x00000a10   0x00000048   Code   RO          938    i.ES_EnQueueFIFO    es_queue.o
    0x00000a58   0x00000034   Code   RO          850    i.ES_GetMSBitSet    es_lookuptables.o
    0x00000a8c   0x00000010   Code   RO          940    i.ES_InitQueue      es_queue.o
    0x00000a9c   0x0000004c   Code   RO          797    i.ES_Initialize     es_framework.o
    0x00000ae8   0x00000030   Code   RO          923    i.ES_PostList00     es_postlist.o
    0x00000b18   0x00000038   Code   RO          799    i.ES_PostToService  es_framework.o
    0x00000b50   0x00000060   Code   RO          801    i.ES_Run            es_framework.o
    0x00000bb0   0x00000004   Code   RO          980    i.ES_Timer_Init     es_timers.o
    0x00000bb4   0x0000003c   Code   RO          981    i.ES_Timer_InitTimer  es_timers.o
    0x00000bf0   0x00000024   Code   RO          984    i.ES_Timer_StopTimer  es_timers.o
    0x00000c14   0x0000006c   Code   RO          985    i.ES_Timer_Tick_Resp  es_timers.o
    0x00000c80   0x00000028   Code   RO          151    i.EncoderInterrputResponse  clamp.o
    0x00000ca8   0x00000028   Code   RO         1181    i.GPIODirModeSet    driverlib.lib(gpio.o)
    0x00000cd0   0x0000013a   Code   RO         1191    i.GPIOPadConfigSet  driverlib.lib(gpio.o)
    0x00000e0a   0x00000002   PAD
    0x00000e0c   0x00000048   Code   RO         1192    i.GPIOPinConfigure  driverlib.lib(gpio.o)
    0x00000e54   0x0000001c   Code   RO         1201    i.GPIOPinTypeGPIOInput  driverlib.lib(gpio.o)
    0x00000e70   0x0000001c   Code   RO         1202    i.GPIOPinTypeGPIOOutput  driverlib.lib(gpio.o)
    0x00000e8c   0x0000001c   Code   RO         1204    i.GPIOPinTypeI2C    driverlib.lib(gpio.o)
    0x00000ea8   0x0000001c   Code   RO         1205    i.GPIOPinTypeI2CSCL  driverlib.lib(gpio.o)
    0x00000ec4   0x0000001c   Code   RO         1217    i.GPIOPinTypeUART   driverlib.lib(gpio.o)
    0x00000ee0   0x0000000c   Code   RO          354    i.GetGPSData        gps.o
    0x00000eec   0x00000008   Code   RO          488    i.GetRxData         xbeecomms.o
    0x00000ef4   0x00000010   Code   RO          242    i.GetWindData       wind.o
    0x00000f04   0x0000001c   Code   RO          607    i.I2C0InterruptResponse  i2c.o
    0x00000f20   0x0000001c   Code   RO          608    i.I2C1InterruptResponse  i2c.o
    0x00000f3c   0x00000060   Code   RO         1507    i.I2CIntRegister    driverlib.lib(i2c.o)
    0x00000f9c   0x00000004   Code   RO         1513    i.I2CMasterControl  driverlib.lib(i2c.o)
    0x00000fa0   0x00000004   Code   RO         1514    i.I2CMasterDataGet  driverlib.lib(i2c.o)
    0x00000fa4   0x00000004   Code   RO         1515    i.I2CMasterDataPut  driverlib.lib(i2c.o)
    0x00000fa8   0x00000018   Code   RO         1518    i.I2CMasterErr      driverlib.lib(i2c.o)
    0x00000fc0   0x00000054   Code   RO         1520    i.I2CMasterInitExpClk  driverlib.lib(i2c.o)
    0x00001014   0x00000008   Code   RO         1521    i.I2CMasterIntClear  driverlib.lib(i2c.o)
    0x0000101c   0x00000006   Code   RO         1525    i.I2CMasterIntEnable  driverlib.lib(i2c.o)
    0x00001022   0x00000008   Code   RO         1530    i.I2CMasterSlaveAddrSet  driverlib.lib(i2c.o)
    0x0000102a   0x00000004   Code   RO         1531    i.I2CMasterTimeoutSet  driverlib.lib(i2c.o)
    0x0000102e   0x00000010   Code   RO         1533    i.I2CRxFIFOFlush    driverlib.lib(i2c.o)
    0x0000103e   0x00000002   PAD
    0x00001040   0x00000070   Code   RO          610    i.I2CStart          i2c.o
    0x000010b0   0x00000010   Code   RO         1554    i.I2CTxFIFOFlush    driverlib.lib(i2c.o)
    0x000010c0   0x00000050   Code   RO          152    i.InitClamp         clamp.o
    0x00001110   0x00000044   Code   RO          522    i.InitCompassCom    compasscom.o
    0x00001154   0x00000040   Code   RO          355    i.InitGPS           gps.o
    0x00001194   0x00000024   Code   RO          201    i.InitGridlinq      gridlinq.o
    0x000011b8   0x00000060   Code   RO          611    i.InitI2C           i2c.o
    0x00001218   0x00000108   Code   RO          612    i.InitI2CHardware   i2c.o
    0x00001320   0x000000e4   Code   RO          153    i.InitInputCaptureWT1  clamp.o
    0x00001404   0x00000040   Code   RO          694    i.InitLidarCom      lidarcom.o
    0x00001444   0x00000158   Code   RO          298    i.InitPWM           pwm.o
    0x0000159c   0x00000012   Code   RO          327    i.InitUART          uart.o
    0x000015ae   0x00000002   PAD
    0x000015b0   0x000000cc   Code   RO          328    i.InitUART1         uart.o
    0x0000167c   0x000000cc   Code   RO          329    i.InitUART2         uart.o
    0x00001748   0x000000cc   Code   RO          330    i.InitUART5         uart.o
    0x00001814   0x00000044   Code   RO          243    i.InitWind          wind.o
    0x00001858   0x0000004c   Code   RO          411    i.InitXbee          xbee.o
    0x000018a4   0x0000004c   Code   RO          489    i.InitXbeeComms     xbeecomms.o
    0x000018f0   0x00000064   Code   RO         1834    i.IntEnable         driverlib.lib(interrupt.o)
    0x00001954   0x0000000e   Code   RO         1837    i.IntMasterEnable   driverlib.lib(interrupt.o)
    0x00001962   0x00000002   PAD
    0x00001964   0x00000034   Code   RO         1846    i.IntRegister       driverlib.lib(interrupt.o)
    0x00001998   0x000000dc   Code   RO          412    i.LoadUpData        xbee.o
    0x00001a74   0x0000003c   Code   RO          413    i.LoadUpResponse    xbee.o
    0x00001ab0   0x00000204   Code   RO          356    i.ParseGGAData      gps.o
    0x00001cb4   0x0000006c   Code   RO          244    i.ParseTempData     wind.o
    0x00001d20   0x000000b8   Code   RO          245    i.ParseWindData     wind.o
    0x00001dd8   0x000000a0   Code   RO          744    i.PortFunctionInit  enablepa25_pb23_pd7_pf0.o
    0x00001e78   0x00000010   Code   RO          154    i.PostClamp         clamp.o
    0x00001e88   0x00000010   Code   RO          525    i.PostCompassCom    compasscom.o
    0x00001e98   0x00000010   Code   RO          357    i.PostGPS           gps.o
    0x00001ea8   0x00000010   Code   RO          202    i.PostGridlinq      gridlinq.o
    0x00001eb8   0x00000010   Code   RO          613    i.PostI2C           i2c.o
    0x00001ec8   0x00000010   Code   RO          695    i.PostLidarCom      lidarcom.o
    0x00001ed8   0x00000010   Code   RO          246    i.PostWind          wind.o
    0x00001ee8   0x00000010   Code   RO          414    i.PostXbee          xbee.o
    0x00001ef8   0x00000010   Code   RO          490    i.PostXbeeComms     xbeecomms.o
    0x00001f08   0x000002c4   Code   RO          155    i.RunClamp          clamp.o
    0x000021cc   0x000001d0   Code   RO          526    i.RunCompassCom     compasscom.o
    0x0000239c   0x00000228   Code   RO          358    i.RunGPS            gps.o
    0x000025c4   0x000000bc   Code   RO          203    i.RunGridlinq       gridlinq.o
    0x00002680   0x000000b0   Code   RO          614    i.RunI2C            i2c.o
    0x00002730   0x000000e4   Code   RO          696    i.RunLidarCom       lidarcom.o
    0x00002814   0x000001e8   Code   RO          247    i.RunWind           wind.o
    0x000029fc   0x000001cc   Code   RO          415    i.RunXbee           xbee.o
    0x00002bc8   0x00000130   Code   RO          491    i.RunXbeeComms      xbeecomms.o
    0x00002cf8   0x0000001c   Code   RO          416    i.SendXbeeData      xbee.o
    0x00002d14   0x000000c0   Code   RO          299    i.SetPWMDuty        pwm.o
    0x00002dd4   0x000000d0   Code   RO          300    i.SetPWMWidth       pwm.o
    0x00002ea4   0x00000164   Code   RO         1952    i.SysCtlClockGet    driverlib.lib(sysctl.o)
    0x00003008   0x00000120   Code   RO         1954    i.SysCtlClockSet    driverlib.lib(sysctl.o)
    0x00003128   0x00000028   Code   RO         1983    i.SysCtlPeripheralEnable  driverlib.lib(sysctl.o)
    0x00003150   0x0000003c   Code   RO         1988    i.SysCtlPeripheralReset  driverlib.lib(sysctl.o)
    0x0000318c   0x0000000e   Code   RO         2292    i.SysTickEnable     driverlib.lib(systick.o)
    0x0000319a   0x0000000e   Code   RO         2294    i.SysTickIntEnable  driverlib.lib(systick.o)
    0x000031a8   0x00000014   Code   RO          867    i.SysTickIntHandler  es_port.o
    0x000031bc   0x0000000a   Code   RO         2298    i.SysTickPeriodSet  driverlib.lib(systick.o)
    0x000031c6   0x00000004   Code   RO         1084    i.TERMIO_GetChar    termio.o
    0x000031ca   0x00000002   PAD
    0x000031cc   0x00000050   Code   RO         1085    i.TERMIO_Init       termio.o
    0x0000321c   0x0000000c   Code   RO         1086    i.TERMIO_PutChar    termio.o
    0x00003228   0x00000060   Code   RO          417    i.UART1ISR          xbee.o
    0x00003288   0x00000028   Code   RO          248    i.UART2ISR          wind.o
    0x000032b0   0x00000028   Code   RO          359    i.UART5ISR          gps.o
    0x000032d8   0x0000000c   Code   RO         2362    i.UARTCharPut       driverlib.lib(uart.o)
    0x000032e4   0x00000006   Code   RO         2366    i.UARTClockSourceSet  driverlib.lib(uart.o)
    0x000032ea   0x00000002   PAD
    0x000032ec   0x0000005c   Code   RO         1124    i.UARTStdioConfig   uartstdio.o
    0x00003348   0x00000018   Code   RO         1125    i.UARTgetc          uartstdio.o
    0x00003360   0x00000020   Code   RO          869    i._HW_Process_Pending_Ints  es_port.o
    0x00003380   0x00000016   Code   RO          870    i._HW_Timer_Init    es_port.o
    0x00003396   0x00000002   Code   RO         1031    i._sys_exit         retarget.o
    0x00003398   0x00000028   Code   RO          615    i.beginRx           i2c.o
    0x000033c0   0x0000001c   Code   RO          418    i.checkSum          xbee.o
    0x000033dc   0x00000034   Code   RO          527    i.convertToDegrees  compasscom.o
    0x00003410   0x00000048   Code   RO          528    i.decodeReading     compasscom.o
    0x00003458   0x00000006   Code   RO         1033    i.ferror            retarget.o
    0x0000345e   0x00000004   Code   RO         1034    i.fgetc             retarget.o
    0x00003462   0x0000000e   Code   RO         1035    i.fputc             retarget.o
    0x00003470   0x00000044   Code   RO          529    i.getCompassData    compasscom.o
    0x000034b4   0x00000030   Code   RO          697    i.getLidarData      lidarcom.o
    0x000034e4   0x0000002c   Code   RO          530    i.getRegisterValue  compasscom.o
    0x00003510   0x0000002c   Code   RO          698    i.getRegisterValue  lidarcom.o
    0x0000353c   0x00000022   Code   RO          249    i.hextodec          wind.o
    0x0000355e   0x00000022   Code   RO          360    i.hextodec          gps.o
    0x00003580   0x00000064   Code   RO          204    i.importData        gridlinq.o
    0x000035e4   0x00000064   Code   RO          419    i.importData        xbee.o
    0x00003648   0x00000024   Code   RO          420    i.importXbeePacket  xbee.o
    0x0000366c   0x000000bc   Code   RO          616    i.interruptHelper   i2c.o
    0x00003728   0x000000cc   Code   RO          421    i.isValidPacket     xbee.o
    0x000037f4   0x00000014   Code   RO         1087    i.kbhit             termio.o
    0x00003808   0x0000012c   Code   RO            1    i.main              main.o
    0x00003934   0x00000090   Code   RO          205    i.printGPSData      gridlinq.o
    0x000039c4   0x000000fc   Code   RO          617    i.printModule       i2c.o
    0x00003ac0   0x00000018   Code   RO          618    i.setI2CPostFunction  i2c.o
    0x00003ad8   0x0000002c   Code   RO          531    i.takeInitStep      compasscom.o
    0x00003b04   0x00000028   Code   RO          532    i.writeRegisterValue  compasscom.o
    0x00003b2c   0x00000028   Code   RO          699    i.writeRegisterValue  lidarcom.o
    0x00003b54   0x00000062   Code   RO         2725    x$fpl$d2f           fz_wm.l(d2f.o)
    0x00003bb6   0x00000002   PAD
    0x00003bb8   0x00000154   Code   RO         2727    x$fpl$dmul          fz_wm.l(dmul.o)
    0x00003d0c   0x0000009c   Code   RO         2739    x$fpl$dnaninf       fz_wm.l(dnaninf.o)
    0x00003da8   0x0000000c   Code   RO         2741    x$fpl$dretinf       fz_wm.l(dretinf.o)
    0x00003db4   0x00000056   Code   RO         2729    x$fpl$f2d           fz_wm.l(f2d.o)
    0x00003e0a   0x0000008c   Code   RO         2743    x$fpl$fnaninf       fz_wm.l(fnaninf.o)
    0x00003e96   0x0000000a   Code   RO         2836    x$fpl$fpinit        fz_wm.l(fpinit.o)
    0x00003ea0   0x0000000a   Code   RO         2745    x$fpl$fretinf       fz_wm.l(fretinf.o)
    0x00003eaa   0x00000000   Code   RO         2747    x$fpl$usenofp       fz_wm.l(usenofp.o)
    0x00003eaa   0x00000002   PAD
    0x00003eac   0x00000020   Data   RO          105    .constdata          eventcheckers.o
    0x00003ecc   0x00000008   Data   RO          156    .constdata          clamp.o
    0x00003ed4   0x00000010   Data   RO          207    .constdata          gridlinq.o
    0x00003ee4   0x00000008   Data   RO          251    .constdata          wind.o
    0x00003eec   0x0000000c   Data   RO          362    .constdata          gps.o
    0x00003ef8   0x0000000c   Data   RO          424    .constdata          xbee.o
    0x00003f04   0x00000008   Data   RO          493    .constdata          xbeecomms.o
    0x00003f0c   0x00000034   Data   RO          533    .constdata          compasscom.o
    0x00003f40   0x00000020   Data   RO          620    .constdata          i2c.o
    0x00003f60   0x00000030   Data   RO          700    .constdata          lidarcom.o
    0x00003f90   0x00000004   Data   RO          766    .constdata          es_checkevents.o
    0x00003f94   0x00000090   Data   RO          811    .constdata          es_framework.o
    0x00004024   0x00000020   Data   RO          851    .constdata          es_lookuptables.o
    0x00004044   0x0000000f   Data   RO          852    .constdata          es_lookuptables.o
    0x00004053   0x00000001   PAD
    0x00004054   0x00000008   Data   RO          924    .constdata          es_postlist.o
    0x0000405c   0x00000040   Data   RO          987    .constdata          es_timers.o
    0x0000409c   0x0000001c   Data   RO         1130    .constdata          uartstdio.o
    0x000040b8   0x00000210   Data   RO         1224    .constdata          driverlib.lib(gpio.o)
    0x000042c8   0x00000080   Data   RO         1555    .constdata          driverlib.lib(i2c.o)
    0x00004348   0x0000010c   Data   RO         1850    .constdata          driverlib.lib(interrupt.o)
    0x00004454   0x000001c4   Data   RO         2004    .constdata          driverlib.lib(sysctl.o)
    0x00004618   0x00000028   Data   RO         2671    .constdata          c_w.l(_printf_hex_int.o)
    0x00004640   0x00000011   Data   RO         1131    .conststring        uartstdio.o
    0x00004651   0x00000003   PAD
    0x00004654   0x00000020   Data   RO         2897    Region$$Table       anon$$obj.o


    Execution Region RW_IRAM1 (Base: 0x20000000, Size: 0x00001160, Max: 0x00008000, ABSOLUTE, COMPRESSED[0x00000028])

    Base Addr    Size         Type   Attr      Idx    E Section Name        Object

    0x20000000   0x00000006   Data   RW          157    .data               clamp.o
    0x20000006   0x00000012   Data   RW          208    .data               gridlinq.o
    0x20000018   0x00000014   Data   RW          252    .data               wind.o
    0x2000002c   0x00000002   Data   RW          301    .data               pwm.o
    0x2000002e   0x00000006   Data   RW          363    .data               gps.o
    0x20000034   0x0000001a   Data   RW          425    .data               xbee.o
    0x2000004e   0x00000008   Data   RW          494    .data               xbeecomms.o
    0x20000056   0x00000020   Data   RW          534    .data               compasscom.o
    0x20000076   0x00000001   Data   RW          621    .data               i2c.o
    0x20000077   0x00000001   PAD
    0x20000078   0x0000000e   Data   RW          701    .data               lidarcom.o
    0x20000086   0x00000006   Data   RW          812    .data               es_framework.o
    0x2000008c   0x00000004   Data   RW          871    .data               es_port.o
    0x20000090   0x00000004   Data   RW          942    .data               es_queue.o
    0x20000094   0x0000000a   Data   RW          988    .data               es_timers.o
    0x2000009e   0x00000002   PAD
    0x200000a0   0x00000004   Data   RW         1036    .data               retarget.o
    0x200000a4   0x00000004   Data   RW         1037    .data               retarget.o
    0x200000a8   0x00000008   Data   RW         1132    .data               uartstdio.o
    0x200000b0   0x00000350   PAD
    0x20000400   0x0000026c   Data   RW         1851    vtable              driverlib.lib(interrupt.o)
    0x2000066c   0x00000026   Zero   RW          206    .bss                gridlinq.o
    0x20000692   0x00000017   Zero   RW          250    .bss                wind.o
    0x200006a9   0x00000001   PAD
    0x200006aa   0x00000076   Zero   RW          361    .bss                gps.o
    0x20000720   0x00000058   Zero   RW          423    .bss                xbee.o
    0x20000778   0x0000000c   Zero   RW          492    .bss                xbeecomms.o
    0x20000784   0x00000040   Zero   RW          619    .bss                i2c.o
    0x200007c4   0x00000010   Zero   RW          802    .bss                es_framework.o
    0x200007d4   0x00000010   Zero   RW          803    .bss                es_framework.o
    0x200007e4   0x00000010   Zero   RW          804    .bss                es_framework.o
    0x200007f4   0x0000007c   Zero   RW          805    .bss                es_framework.o
    0x20000870   0x00000010   Zero   RW          806    .bss                es_framework.o
    0x20000880   0x0000002c   Zero   RW          807    .bss                es_framework.o
    0x200008ac   0x00000010   Zero   RW          808    .bss                es_framework.o
    0x200008bc   0x00000010   Zero   RW          809    .bss                es_framework.o
    0x200008cc   0x00000010   Zero   RW          810    .bss                es_framework.o
    0x200008dc   0x00000020   Zero   RW          986    .bss                es_timers.o
    0x200008fc   0x00000060   Zero   RW         2778    .bss                c_w.l(libspace.o)
    0x2000095c   0x00000004   PAD
    0x20000960   0x00000000   Zero   RW          757    HEAP                startup_rvmdk.o
    0x20000960   0x00000800   Zero   RW          756    STACK               startup_rvmdk.o


==============================================================================

Image component sizes


      Code (inc. data)   RO Data    RW Data    ZI Data      Debug   Object Name

      1124        248          8          6          0       4481   clamp.o
       868        316         52         32          0       8588   compasscom.o
       160         28          0          0          0        587   enablepa25_pb23_pd7_pf0.o
        40          6          4          0          0       1177   es_checkevents.o
       228         30        144          6        280       3104   es_framework.o
        52          4         47          0          0       1286   es_lookuptables.o
        88         10          0          4          0       3574   es_port.o
        48          4          8          0          0       1340   es_postlist.o
       172         10          0          4          0       2437   es_queue.o
       208         42         64         10         32       2951   es_timers.o
       324        184         32          0          0       5718   eventcheckers.o
      1234        262         12          6        118       5932   gps.o
       484        176         16         18         38       3916   gridlinq.o
      1224        276         32          1         64       8229   i2c.o
       440         84         48         14          0       5786   lidarcom.o
       300        206          0          0          0      11283   main.o
       744         80          0          2          0       2181   pwm.o
        26          0          0          8          0       3659   retarget.o
       672        636          0          0       2048        556   startup_rvmdk.o
       116         26          0          0          0       1960   termio.o
       630        138          0          0          0       2219   uart.o
       116         14         45          8          0       2728   uartstdio.o
       954        226          8         20         23       6132   wind.o
      1324        420         12         26         88       8262   xbee.o
       404        136          8          8         12       3019   xbeecomms.o

    ----------------------------------------------------------------------
     11986       3562        576       1024       2704     101105   Object Totals
         0          0         32          0          0          0   (incl. Generated)
         6          0          4        851          1          0   (incl. Padding)

    ----------------------------------------------------------------------

      Code (inc. data)   RO Data    RW Data    ZI Data      Debug   Library Member Name

        58          0          0          0          0          0   __dczerorl.o
         8          0          0          0          0         68   __main.o
       104          0          0          0          0         84   __printf.o
         0          0          0          0          0          0   __rtentry.o
        12          0          0          0          0          0   __rtentry2.o
         6          0          0          0          0          0   __rtentry4.o
        52          8          0          0          0          0   __scatter.o
        28          0          0          0          0          0   __scatter_zi.o
         6          0          0          0          0          0   _printf_c.o
        44          0          0          0          0        108   _printf_char.o
        48          6          0          0          0         96   _printf_char_common.o
        36          4          0          0          0         80   _printf_char_file.o
         6          0          0          0          0          0   _printf_d.o
       120         16          0          0          0         92   _printf_dec.o
        88          4         40          0          0         88   _printf_hex_int.o
       178          0          0          0          0         88   _printf_intcommon.o
         0          0          0          0          0          0   _printf_percent.o
         4          0          0          0          0          0   _printf_percent_end.o
         6          0          0          0          0          0   _printf_s.o
        82          0          0          0          0         80   _printf_str.o
         6          0          0          0          0          0   _printf_x.o
        12          0          0          0          0         72   exit.o
         4          0          0          0          0         68   getc.o
         6          0          0          0          0        152   heapauxi.o
         2          0          0          0          0          0   libinit.o
         6          0          0          0          0          0   libinit2.o
         2          0          0          0          0          0   libshutdown.o
         2          0          0          0          0          0   libshutdown2.o
         8          4          0          0         96         68   libspace.o
        24          4          0          0          0         84   noretval__2printf.o
        44          4          0          0          0         84   puts.o
       138          0          0          0          0         68   rt_memcpy_v6.o
       100          0          0          0          0         80   rt_memcpy_w.o
         2          0          0          0          0          0   rtexit.o
        10          0          0          0          0          0   rtexit2.o
        74          0          0          0          0         80   sys_stackheap_outer.o
         2          0          0          0          0         68   use_no_semi.o
        38          0          0          0          0        504   cpu.o
       566          8        528          0          0       7853   gpio.o
       274         28        128          0          0       6433   i2c.o
       166         16        268        620          0       2340   interrupt.o
       750         68        452          0          0       4467   sysctl.o
        38          0          0          0          0       1218   systick.o
        18          0          0          0          0        867   uart.o
        98          4          0          0          0        140   d2f.o
       340         12          0          0          0        152   dmul.o
       156          4          0          0          0        140   dnaninf.o
        12          0          0          0          0        116   dretinf.o
        86          4          0          0          0        132   f2d.o
       140          4          0          0          0        132   fnaninf.o
        10          0          0          0          0        116   fpinit.o
        10          0          0          0          0        116   fretinf.o
         0          0          0          0          0          0   usenofp.o

    ----------------------------------------------------------------------
      4058        198       1416        620        100      26334   Library Totals
        28          0          0          0          4          0   (incl. Padding)

    ----------------------------------------------------------------------

      Code (inc. data)   RO Data    RW Data    ZI Data      Debug   Library Name

      1328         50         40          0         96       1608   c_w.l
      1850        120       1376        620          0      23682   driverlib.lib
       852         28          0          0          0       1044   fz_wm.l

    ----------------------------------------------------------------------
      4058        198       1416        620        100      26334   Library Totals

    ----------------------------------------------------------------------

==============================================================================


      Code (inc. data)   RO Data    RW Data    ZI Data      Debug   

     16044       3760       1992       1644       2804     112759   Grand Totals
     16044       3760       1992         40       2804     112759   ELF Image Totals (compressed)
     16044       3760       1992         40          0          0   ROM Totals

==============================================================================

    Total RO  Size (Code + RO Data)                18036 (  17.61kB)
    Total RW  Size (RW Data + ZI Data)              4448 (   4.34kB)
    Total ROM Size (Code + RO Data + RW Data)      18076 (  17.65kB)

==============================================================================

